// Jest Snapshot v1, https://goo.gl/fbAQLP

exports[`pruebas en <GifGrid /> debe de mostrar items cuando se cargan im√°genes useFetchGifs 1`] = `
<Fragment>
  <h3
    className="animate__animated animate__bounceIn"
  >
    Dragon Ball
  </h3>
  <p
    className="animate__animated animate__flash"
  >
    Loading
  </p>
  <div
    className="card-grid"
  >
    <GifGridItem
      id="ABC"
      key="ABC"
      title="Cualquier cosa"
      url="https://localhost/cualquier/cosa.jpg"
    />
  </div>
</Fragment>
`;

exports[`pruebas en <GifGrid /> debe de mostrarse correctamente 1`] = `
<Fragment>
  <h3
    className="animate__animated animate__bounceIn"
  >
    Dragon Ball
  </h3>
  <p
    className="animate__animated animate__flash"
  >
    Loading
  </p>
  <div
    className="card-grid"
  />
</Fragment>
`;
